
> portfolow@0.0.0 build
> vite build

[36mvite v8.0.0 [32mbuilding client environment for production...[36m[39m
[2K
transforming...Γ£ô 2127 modules transformed.
node.exe : [31mΓ£ù[39m 
Build failed in 1.99s
At line:1 char:1
+ & "D:\nodejs/node.exe" "C:\
Users\DELL\AppData\Roaming\np
m/node_module ...
+ ~~~~~~~~~~~~~~~~~~~~~~~~~~~
~~~~~~~~~~~~~~~~~~~~~~~~~~~~~
~~~~~~~~~~~~~
    + CategoryInfo           
   : NotSpecified: ([31mΓ£  
  ù[39m Build failed in 1   
 .99s:String) [], RemoteE    
xception
    + FullyQualifiedErrorId  
   : NativeCommandError
 
[31merror during build:
[31mBuild failed with 1 
error:

[plugin vite:css] F:/portfolo
w/src/index.css:undefined:NaN
Error: [postcss] It looks 
like you're trying to use 
`tailwindcss` directly as a 
PostCSS plugin. The PostCSS 
plugin has moved to a 
separate package, so to 
continue using Tailwind CSS 
with PostCSS you'll need to 
install 
`@tailwindcss/postcss` and 
update your PostCSS 
configuration.
    at at (F:\portfolow\node_
modules\tailwindcss\dist\lib.
js:38:1643)
    at LazyResult.runOnRoot (
F:\portfolow\node_modules\pos
tcss\lib\lazy-result.js:361:1
6)
    at LazyResult.runAsync (F
:\portfolow\node_modules\post
css\lib\lazy-result.js:290:26
)
    at async runPostCSS (file
:///F:/portfolow/node_modules
/vite/dist/node/chunks/node.j
s:20913:19)
    at async compilePostCSS (
file:///F:/portfolow/node_mod
ules/vite/dist/node/chunks/no
de.js:20897:6)
    at async compileCSS (file
:///F:/portfolow/node_modules
/vite/dist/node/chunks/node.j
s:20827:26)
    at async TransformPluginC
ontextImpl.handler (file:///F
:/portfolow/node_modules/vite
/dist/node/chunks/node.js:203
43:47)
    at async plugin (file:///
F:/portfolow/node_modules/rol
ldown/dist/shared/bindingify-
input-options-Cu7pt6SZ.mjs:11
06:16)
    at async 
plugin.<computed> (file:///F:
/portfolow/node_modules/rolld
own/dist/shared/bindingify-in
put-options-Cu7pt6SZ.mjs:1570
:12)[31m
    at aggregateBindingErrors
IntoJsError (file:///F:/portf
olow/node_modules/rolldown/di
st/shared/error-CP8smW_P.mjs:
48:18)
    at unwrapBindingResult (f
ile:///F:/portfolow/node_modu
les/rolldown/dist/shared/erro
r-CP8smW_P.mjs:18:128)
    at #build (file:///F:/por
tfolow/node_modules/rolldown/
dist/shared/rolldown-build-4Y
nQkA76.mjs:3311:34)
    at async 
buildEnvironment (file:///F:/
portfolow/node_modules/vite/d
ist/node/chunks/node.js:32794
:64)
    at async Object.build (fi
le:///F:/portfolow/node_modul
es/vite/dist/node/chunks/node
.js:33216:19)
    at async Object.buildApp 
(file:///F:/portfolow/node_mo
dules/vite/dist/node/chunks/n
ode.js:33213:153)
    at async CAC.<anonymous> 
(file:///F:/portfolow/node_mo
dules/vite/dist/node/cli.js:7
78:3) {
  errors: [Getter/Setter]
}[39m
